[fleja-react.envytheme.com/coming-soon.html]
[backblue.gif]
[fade.gif]
[index.html]
[fleja-react.envytheme.com/_next/static/XpiozzVBE1GC7ek9HSo8t/pages/coming-soon.js]
[fleja-react.envytheme.com/_next/static/XpiozzVBE1GC7ek9HSo8t/pages/_app.js]
[fleja-react.envytheme.com/_next/static/runtime/webpack-2531002bc6d1c78704bc.js]
[fleja-react.envytheme.com/_next/static/chunks/commons.51ed8f99190b56445655.js]
[fleja-react.envytheme.com/_next/static/runtime/main-d6f3d430af94774895d0.js]
[fleja-react.envytheme.com/_next/static/chunks/styles.dcd4f3cd665a2f355ddf.js]
[fleja-react.envytheme.com/coming-soon.html]
[fleja-react.envytheme.com/_next/static/css/styles.1f6124a8.chunk.css]
[fleja-react.envytheme.com/_next/static/chunks/fonts/icofont-50a4ab76e700a83e649be213f820fbbd.woff2]
[fleja-react.envytheme.com/_next/static/chunks/fonts/icofont-f6ab04aed30a8643bf94fe00f7ff0b59.woff]
[fleja-react.envytheme.com/_next/static/images/banner-bg-8a040a8d87c6e4218ccf95dcd92d549d.jpg]
[fleja-react.envytheme.com/_next/static/images/main-bg-1-9eee62f9f771576d59f49cc06fd1ce7c.jpg]
[fleja-react.envytheme.com/_next/static/images/main-bg-2-703ff99d6e154c868e541e01910decf5.jpg]
[fleja-react.envytheme.com/_next/static/images/main-bg-3-a8d5553a0168142e457fbe35b701a598.jpg]
[fleja-react.envytheme.com/_next/static/images/main-bg-4-8d2a10c9094f2460b028db96d30a8312.jpg]
[fleja-react.envytheme.com/_next/static/images/main-bg-5-3e742b2a524c2a2f62ecf6e7aef9d8d9.jpg]
[fleja-react.envytheme.com/_next/static/images/main-bg-6-dfd8d0fffa4810fedc6aed93c9f9188a.jpg]
[fleja-react.envytheme.com/_next/static/images/cta-about-cf919789744c9b36af549d69d5131126.jpg]
[fleja-react.envytheme.com/_next/static/images/bg-shape-deda47a4123c24c40dcab96cd3a00dec.jpg]
[fleja-react.envytheme.com/_next/static/images/coming-soon-banner-242599e08a6a9ec29d9f9302a91eeb28.jpg]
[fleja-react.envytheme.com/_next/static/images/error-4564f794e3b0a79f105905c9222db045.gif]
[fleja-react.envytheme.com/_next/static/css/styles.1f6124a8.chunk.css]
